package test.pkg;

import jsinterop.annotations.JsOverlay;
import jsinterop.annotations.JsType;

@JsType(isNative=true,name="Math")
public interface Math
{
@JsOverlay
public static double getE(com.user00.domjnate.api.WindowOrWorkerGlobalScope _win) {
  com.user00.domjnate.util.EmptyInterface obj = com.user00.domjnate.util.Js.getMember(_win, "Math", com.user00.domjnate.util.EmptyInterface.class);
  return com.user00.domjnate.util.Js.getMember(obj, "E", double.class);
}
@JsOverlay
public static void setE(com.user00.domjnate.api.WindowOrWorkerGlobalScope _win, double val) {
  com.user00.domjnate.util.EmptyInterface obj = com.user00.domjnate.util.Js.getMember(_win, "Math", com.user00.domjnate.util.EmptyInterface.class);
  com.user00.domjnate.util.Js.setMember(obj, "E", val);
}
@JsOverlay
public static <T> double min(com.user00.domjnate.api.WindowOrWorkerGlobalScope _win, T... a) {
  return com.user00.domjnate.util.Js.callStaticMethod(_win, "Math", "min", double.class, a);
}
@JsOverlay
public static double call(com.user00.domjnate.api.WindowOrWorkerGlobalScope _win, String a) {
  return com.user00.domjnate.util.Js.callMethod(_win, "Math", double.class, a);
}
}
