package test.pkg;

import jsinterop.annotations.JsOverlay;
import jsinterop.annotations.JsType;

@JsType(isNative=true,name="Test")
public interface Test
{
@JsOverlay
public static Test _new(com.user00.domjnate.api.WindowOrWorkerGlobalScope _win) {
  java.lang.Object constructor = com.user00.domjnate.util.Js.getConstructor(_win, "Test");
  return com.user00.domjnate.util.Js.construct(_win, constructor, Test.class);
}
}
