package test.pkg;

import jsinterop.annotations.JsOverlay;
import jsinterop.annotations.JsType;

@JsType(isNative=true,name="Test2")
public interface Test2
{
@JsOverlay
public static Node getPrototype(com.user00.domjnate.api.WindowOrWorkerGlobalScope _win) {
  com.user00.domjnate.util.EmptyInterface obj = com.user00.domjnate.util.Js.getMember(_win, "Test2", com.user00.domjnate.util.EmptyInterface.class);
  return com.user00.domjnate.util.Js.getMember(obj, "prototype", Node.class);
}
@JsOverlay
public static void setPrototype(com.user00.domjnate.api.WindowOrWorkerGlobalScope _win, Node val) {
  com.user00.domjnate.util.EmptyInterface obj = com.user00.domjnate.util.Js.getMember(_win, "Test2", com.user00.domjnate.util.EmptyInterface.class);
  com.user00.domjnate.util.Js.setMember(obj, "prototype", val);
}
@JsOverlay
public static void method(com.user00.domjnate.api.WindowOrWorkerGlobalScope _win, String a) {
  com.user00.domjnate.util.Js.callStaticMethod(_win, "Test2", "method", void.class, a);
}
@JsOverlay
public static double method2(com.user00.domjnate.api.WindowOrWorkerGlobalScope _win) {
  return com.user00.domjnate.util.Js.callStaticMethod(_win, "Test2", "method2", double.class);
}
@JsOverlay
public static String method3(com.user00.domjnate.api.WindowOrWorkerGlobalScope _win, String a) {
  return com.user00.domjnate.util.Js.callStaticMethod(_win, "Test2", "method3", String.class, a);
}
@JsOverlay
public static Test2 _new(com.user00.domjnate.api.WindowOrWorkerGlobalScope _win) {
  java.lang.Object constructor = com.user00.domjnate.util.Js.getConstructor(_win, "Test2");
  return com.user00.domjnate.util.Js.construct(_win, constructor, Test2.class);
}
@JsOverlay
public static Test2 _new(com.user00.domjnate.api.WindowOrWorkerGlobalScope _win, double a, double... c) {
  java.lang.Object constructor = com.user00.domjnate.util.Js.getConstructor(_win, "Test2");
  return com.user00.domjnate.util.Js.construct(_win, constructor, Test2.class, a, c);
}
@JsOverlay
public static Test2 _new(com.user00.domjnate.api.WindowOrWorkerGlobalScope _win, double a, String b, double... c) {
  java.lang.Object constructor = com.user00.domjnate.util.Js.getConstructor(_win, "Test2");
  return com.user00.domjnate.util.Js.construct(_win, constructor, Test2.class, a, b, c);
}
}
