package test.pkg;

import jsinterop.annotations.JsType;
import jsinterop.annotations.JsMethod;
import jsinterop.annotations.JsProperty;

@JsType(isNative=true,name="Element")
public interface Element
{
// TODO: Suppressing addEventListener with typed events
@JsMethod(name="addEventListener")
void addEventListener(String type, EventListener listener);
// TODO: Suppressing removeEventListener with typed events
@JsMethod(name="removeEventListener")
void removeEventListener(String type, EventListener listener);
}
