package test.pkg;

import jsinterop.annotations.JsProperty;
import jsinterop.annotations.JsType;

@JsType(isNative=true,name="TestEventMap")
public interface TestEventMap
{
@JsProperty(name="mouse")
test.pkg.dom.Event getMouse();
@JsProperty(name="mouse")
void setMouse(test.pkg.dom.Event val);
@JsProperty(name="keyboard")
test.pkg.dom.Event getKeyboard();
@JsProperty(name="keyboard")
void setKeyboard(test.pkg.dom.Event val);
}
