package test.pkg.dom;

import jsinterop.annotations.JsType;

@JsType(isNative=true,name="Event")
public interface Event
{
}
