package test.pkg;

import jsinterop.annotations.JsFunction;
import jsinterop.annotations.JsType;
import jsinterop.annotations.JsMethod;
import jsinterop.annotations.JsProperty;

@JsFunction
public interface Test
{
double accept(String a);
}
