package test.pkg;

import jsinterop.annotations.JsType;
import jsinterop.annotations.JsMethod;
import jsinterop.annotations.JsProperty;

Unhandled generics <T,Z>
@JsType(isNative=true,name="GenericIntf")
public interface GenericIntf
{
}
