package test.pkg;

import jsinterop.annotations.JsOverlay;
import jsinterop.annotations.JsType;

Unhandled index signature string
@JsType(isNative=true,name="Test")
public interface Test
{
@JsOverlay
public default Node get(double  a) {
  return (Node)com.user00.domjnate.util.Js.get( a);
}
}
