package test.pkg;

import jsinterop.annotations.JsType;

@JsType(isNative=true,name="Test2")
public interface Test2 extends Test1, Node
{
}
