package test.pkg;

import jsinterop.annotations.JsMethod;
import jsinterop.annotations.JsType;

@JsType(isNative=true,name="Test")
public interface Test
{
@JsMethod(name="method")
java.lang.Object method(java.lang.Object a, java.lang.Object b);
@JsMethod(name="method2")
double method2(String a);
@JsMethod(name="method3")
Test method3();
@JsMethod(name="optionalParams")
void optionalParams(String a);
@JsMethod(name="optionalParams")
void optionalParams(String a, String b);
@JsMethod(name="optionalParams")
void optionalParams(String a, String b, String c);
}
