package test.pkg;

import jsinterop.annotations.JsType;
import jsinterop.annotations.JsMethod;
import jsinterop.annotations.JsProperty;

@JsType(isNative=true,name="Test")
public interface Test
{
@JsProperty(name="a")
double getA();
@JsProperty(name="a")
void setA(double val);
@JsProperty(name="b")
String getB();
@JsProperty(name="c")
Object getC();
@JsProperty(name="c")
void setC(Object val);
@JsProperty(name="d")
Double getD();
@JsProperty(name="d")
void setD(Double val);
}
