package test.pkg;

import jsinterop.annotations.JsType;
import jsinterop.annotations.JsMethod;
import jsinterop.annotations.JsProperty;

@JsType(isNative=true,name="Test")
interface Test
{
}
