package test.pkg;

import jsinterop.annotations.JsMethod;
import jsinterop.annotations.JsType;

@JsType(isNative=true,name="Test")
public interface Test
{
@JsMethod(name="method")
java.lang.Object method(java.lang.Object a, String... c);
@JsMethod(name="method")
java.lang.Object method(java.lang.Object a, java.lang.Object b, String... c);
@JsMethod(name="method2")
java.lang.Object method2(java.lang.Object a, java.lang.Object b, void... c);
}
