package test.pkg;

import jsinterop.annotations.JsMethod;
import jsinterop.annotations.JsType;

@JsType(isNative=true,name="Test")
public interface Test
{
@JsMethod(name="method")
test.pkg.intl.Test method(test.pkg.intl.Test a);
@JsMethod(name="method")
test.pkg.intl.Test method(Test b);
@JsMethod(name="method2")
<J extends test.pkg.html.HTMLThing> J method2(Class<J> _type);
}
