package test.pkg;

import jsinterop.annotations.JsFunction;

@JsFunction
public interface Test
{
Double accept(String a);
}
