package test.pkg;

import jsinterop.annotations.JsMethod;
import jsinterop.annotations.JsType;

@JsType(isNative=true,name="Source")
public interface Source
{
// TODO: Suppressing property with type query type Test
@JsMethod(name="addListener")
void addListener(Object a);
}
