package test.pkg;

import jsinterop.annotations.JsFunction;

@JsFunction
public interface Test
{
double accept(String a);
}
