package test.pkg;

import jsinterop.annotations.JsMethod;
import jsinterop.annotations.JsType;

@JsType(isNative=true,name="TestObject")
public interface TestObject
{
@JsMethod(name="method")
double method(String a);
}
